// Jest Snapshot v1, https://goo.gl/fbAQLP

exports[`QuoteModalForm should match snapshot 1`] = `
<div>
  <div
    class="animate__animated animate__fadeIn animate__faster"
  >
    <div
      class="fixed inset-0 bg-backdrop bg-opacity-50"
    >
      <div
        class="flex items-center justify-center h-screen"
      >
        <div
          class="relative"
        >
          <div
            class="card border border-golden p-5 flex flex-col w-full min-w-[280px] sm:min-w-[340px] md:min-w-[400px] max-w-lg sm:max-w-xl md:max-w-2xl lg:max-w-3xl xl:max-w-4xl"
          >
            <div
              class="card-header mb-4 relative"
            >
              <div
                class="flex justify-between"
              >
                <h2
                  class="text-2xl"
                >
                  <span
                    class="text-golden"
                  >
                    Nueva frase
                  </span>
                </h2>
                <button
                  aria-label="Cerrar"
                  class="text-gray-400 hover:text-gray-600 text-xl cursor-pointer"
                >
                  Ã—
                </button>
              </div>
            </div>
            <div
              class="card-body"
            >
              <div
                class="flex gap-2 flex-col py-2 w-full"
              >
                <label
                  class="text-sm font-semibold"
                >
                  <span
                    class="text-golden"
                  >
                    Frase
                  </span>
                </label>
                <textarea
                  class="w-full appearance-none outline-none border-2 border-golden bg-transparent text-white p-2 rounded-none transition-colors"
                  name="quote"
                />
              </div>
              <div
                class="flex gap-2 flex-col py-2 w-full"
              >
                <label
                  class="text-sm font-semibold"
                >
                  <span
                    class="text-golden"
                  >
                    Autor
                  </span>
                </label>
                <input
                  class="w-full appearance-none outline-none border-2 border-golden bg-transparent text-white p-2 rounded-none transition-colors"
                  name="author"
                  value=""
                />
              </div>
            </div>
            <div
              class="card-footer mt-4"
            >
              <div
                class="flex justify-end gap-2"
              >
                <button
                  class="button border border-golden py-2 px-3 flex items-center justify-center gap-2 cursor-pointer"
                >
                  <span
                    class="text-golden inline-block"
                  >
                    Guardar
                  </span>
                </button>
                <button
                  class="button border border-golden py-2 px-3 flex items-center justify-center gap-2 cursor-pointer"
                >
                  <span
                    class="text-golden inline-block"
                  >
                    Cancelar
                  </span>
                </button>
              </div>
            </div>
          </div>
        </div>
      </div>
    </div>
  </div>
</div>
`;
